 5
 "!!!"
